---
source: src/prompts/password.rs
---
state: Active
message: test message
hint: none
placeholder: none
input(cursor): | 
body(none):
---
state: Active
input(cursor): ∙| 
body(none):
---
state: Active
input(cursor): ∙∙| 
body(none):
---
state: Active
input(cursor): ∙∙∙| 
body(none):
---
state: Submit
input(cursor): ∙∙∙| 
body(none):
